RAM Allocation [bytes]
Variable                                                                          Address   Size
------------------------------------------------------------------------------------------------
twi_tx_index                                                                      0x0360       1
twi_rx_index                                                                      0x0361       1
twi_result                                                                        0x0362       1
Font_11x18                                                                        0x0363       4
numMenu                                                                           0x0367       1
numSet                                                                            0x0368       1
relOut                                                                            0x0369       4
analogOut                                                                         0x036D       4
dacU                                                                              0x0371       4
buff                                                                              0x0375      40
familycode                                                                        0x039D      27
clock_buffer                                                                      0x03B8       7
alarm                                                                             0x03BF       4
max_X                                                                             0x03C3       2
max_Y                                                                             0x03C5       2
fillScreen                                                                        0x03C7       2
pvT                                                                               0x03C9       2
offsetT                                                                           0x03CB       2
pvRH                                                                              0x03CD       2
offsetRH                                                                          0x03CF       2
pvCO2                                                                             0x03D1       2
pvPH                                                                              0x03D3       2
newval                                                                            0x03D5      10
ptr_char                                                                          0x03DF       2
t                                                                                 0x03E1       6
ds                                                                                0x03E7       8
in                                                                                0x03EF       4
out                                                                               0x03F3       4
analog                                                                            0x03F7       4
relay                                                                             0x03FB       4
err                                                                               0x03FF       1
buttonCount                                                                       0x0400       1
plusCount                                                                         0x0401       1
point_X                                                                           0x0402       2
point_Y                                                                           0x0404       2
point_Z                                                                           0x0406       2
bottom_Y                                                                          0x0408       2
left_X                                                                            0x040A       2
buttons                                                                           0x040C      24
plus                                                                              0x0424      48
txt                                                                               0x0454      10
count1                                                                            0x045E       2
slave_address                                                                     0x0460       1
twi_tx_buffer                                                                     0x0461       2
bytes_to_tx                                                                       0x0463       1
twi_rx_buffer                                                                     0x0464       2
bytes_to_rx                                                                       0x0466       1
twi_rx_buffer_size                                                                0x0467       1
twi_slave_rx_handler                                                              0x0468       2
twi_slave_tx_handler                                                              0x046A       2
_seed                                                                             0x046C       4

EEPROM Allocation [bytes]
Variable                                                                          Address   Size
------------------------------------------------------------------------------------------------
set                                                                               0x0000      40

Register Allocation
Variable                                                                          Register  Size
------------------------------------------------------------------------------------------------
BeepT                                                                             R5           1
displ_num                                                                         R4           1
newSetButt                                                                        R7           1
ds18b20                                                                           R6           1
pointY                                                                            R9           1
DHTexist                                                                          R8           1
signchar                                                                          R11          1
intval                                                                            R10          1
frcval                                                                            R13          1
error                                                                             R12          1
Sec                                                                               R2.0      1bit
Clock_Ok                                                                          R2.1      1bit
Dht                                                                               R2.2      1bit
Soil                                                                              R2.3      1bit
pHsensor                                                                          R2.4      1bit
typeS                                                                             R2.5      1bit
CO2module                                                                         R2.6      1bit
CheckCO2                                                                          R2.7      1bit
twi_flag                                                                          R3.0      1bit
twi_ready                                                                         R3.1      1bit

FLASH Allocation [words]
Function                                                                          Address   Size
------------------------------------------------------------------------------------------------
ILI9341_WriteByte                                                                 0x00D74      8
ILI9341_SetRow                                                                    0x00D80     11
ILI9341_SetAddressWindow_G000                                                     0x00D8B     17
ILI9341_FillRectangle                                                             0x00D9C     95
ILI9341_DrawHorizontalLine                                                        0x00DFB     31
ILI9341_DrawVerticalLine                                                          0x00E1A     31
ILI9341_DrawRectangle                                                             0x00E39     34
ILI9341_WriteChar_G000                                                            0x00E5B     99
ILI9341_WriteString                                                               0x00EBE    102
InitInterface                                                                     0x00F24     16
constrain                                                                         0x00F34     24
ILI9341_FillScreen                                                                0x00F4C    148
ILI9341_Init                                                                      0x00FE0     87
wait_int                                                                          0x01037     22
read_TWI                                                                          0x0104D    146
write_TWI                                                                         0x010DF     92
startDHT                                                                          0x0113B     40
readDHT                                                                           0x01163    157
read_adc                                                                          0x01200     15
initializePlus                                                                    0x0120F     81
initializeButtons                                                                 0x01260    120
drawButton                                                                        0x012D8     76
drawPlus                                                                          0x01324     72
map                                                                               0x0136C     55
contains                                                                          0x013A3     45
containsPlus                                                                      0x013D0     49
checkTouch                                                                        0x01401    155
temperature_check                                                                 0x0149C    124
adapt                                                                             0x01518     13
fraction                                                                          0x01525     31
checkDisplNum                                                                     0x01544     25
displ_0                                                                           0x0155D    486
displ_1                                                                           0x01743    142
displ_2                                                                           0x017D1    504
displ_3                                                                           0x019C9     60
display                                                                           0x01A05     24
ext_int0_isr                                                                      0x01A1D     17
timer_comp_isr                                                                    0x01A2E      7
main                                                                              0x01A35    324
put_buff_G100                                                                     0x01B79     58
_print_G100                                                                       0x01BB3    314
sprintf                                                                           0x01CED     52
twi_int_handler                                                                   0x01D21    357
abs                                                                               0x01E86     10
strcat                                                                            0x01E90     17
strlen                                                                            0x01EA1     12
strlenf                                                                           0x01EAD     13
