RAM Allocation [bytes]
Variable                                                                          Address   Size
------------------------------------------------------------------------------------------------
twi_tx_index                                                                      0x0360       1
twi_rx_index                                                                      0x0361       1
twi_result                                                                        0x0362       1
Font_11x18                                                                        0x0363       4
error                                                                             0x0367       1
numMenu                                                                           0x0368       1
numSet                                                                            0x0369       1
relOut                                                                            0x036A       4
analogOut                                                                         0x036E       4
buff                                                                              0x0372      40
familycode                                                                        0x039A      27
clock_buffer                                                                      0x03B5       7
alarm                                                                             0x03BC       4
max_X                                                                             0x03C0       2
max_Y                                                                             0x03C2       2
fillScreen                                                                        0x03C4       2
pvT                                                                               0x03C6       2
offsetT                                                                           0x03C8       2
pvRH                                                                              0x03CA       2
offsetRH                                                                          0x03CC       2
pvCO2                                                                             0x03CE       2
pvPH                                                                              0x03D0       2
newval                                                                            0x03D2      10
ptr_char                                                                          0x03DC       2
t                                                                                 0x03DE       6
ds                                                                                0x03E4       8
in                                                                                0x03EC       4
out                                                                               0x03F0       4
analog                                                                            0x03F4       4
relay                                                                             0x03F8       4
err                                                                               0x03FC       1
buttonCount                                                                       0x03FD       1
plusCount                                                                         0x03FE       1
point_X                                                                           0x03FF       2
point_Y                                                                           0x0401       2
point_Z                                                                           0x0403       2
bottom_Y                                                                          0x0405       2
left_X                                                                            0x0407       2
buttons                                                                           0x0409      24
plus                                                                              0x0421      48
txt                                                                               0x0451      10
count1                                                                            0x045B       2
slave_address                                                                     0x045D       1
twi_tx_buffer                                                                     0x045E       2
bytes_to_tx                                                                       0x0460       1
twi_rx_buffer                                                                     0x0461       2
bytes_to_rx                                                                       0x0463       1
twi_rx_buffer_size                                                                0x0464       1
twi_slave_rx_handler                                                              0x0465       2
twi_slave_tx_handler                                                              0x0467       2
_seed                                                                             0x0469       4

EEPROM Allocation [bytes]
Variable                                                                          Address   Size
------------------------------------------------------------------------------------------------
set                                                                               0x0000      40

Register Allocation
Variable                                                                          Register  Size
------------------------------------------------------------------------------------------------
BeepT                                                                             R5           1
displ_num                                                                         R4           1
newButton                                                                         R7           1
newSetButt                                                                        R6           1
ds18b20                                                                           R9           1
pointY                                                                            R8           1
DHTexist                                                                          R11          1
signchar                                                                          R10          1
intval                                                                            R13          1
frcval                                                                            R12          1
Sec                                                                               R2.0      1bit
Clock_Ok                                                                          R2.1      1bit
Dht                                                                               R2.2      1bit
Soil                                                                              R2.3      1bit
pHsensor                                                                          R2.4      1bit
typeS                                                                             R2.5      1bit
CO2module                                                                         R2.6      1bit
CheckCO2                                                                          R2.7      1bit
twi_flag                                                                          R3.0      1bit
twi_ready                                                                         R3.1      1bit

FLASH Allocation [words]
Function                                                                          Address   Size
------------------------------------------------------------------------------------------------
ILI9341_WriteCommand                                                              0x00D51      9
ILI9341_WriteByte                                                                 0x00D5A      7
ILI9341_SetRow                                                                    0x00D65     11
ILI9341_SetAddressWindow_G000                                                     0x00D70     17
ILI9341_FillRectangle                                                             0x00D81     95
ILI9341_DrawHorizontalLine                                                        0x00DE0     31
ILI9341_DrawVerticalLine                                                          0x00DFF     31
ILI9341_DrawRectangle                                                             0x00E1E     34
ILI9341_WriteChar_G000                                                            0x00E40     99
ILI9341_WriteString                                                               0x00EA3    102
InitInterface                                                                     0x00F09     16
constrain                                                                         0x00F19     23
ILI9341_FillScreen                                                                0x00F30    148
ILI9341_Init                                                                      0x00FC4     87
wait_int                                                                          0x0101B     22
read_TWI                                                                          0x01031    146
write_TWI                                                                         0x010C3     92
startDHT                                                                          0x0111F     41
readDHT                                                                           0x01148    157
read_adc                                                                          0x011E5     16
initializeButtons                                                                 0x011F5    134
drawButton                                                                        0x0127B     93
map                                                                               0x012D8     55
contains                                                                          0x0130F     56
checkTouch                                                                        0x01347    144
checkButton                                                                       0x013D7     23
temperature_check                                                                 0x013EE    124
ByteToBcd2                                                                        0x0146A     17
Bcd2ToByte                                                                        0x0147B     17
touchpad                                                                          0x0148C   1281
fraction                                                                          0x0198D     31
newButtonCheck                                                                    0x019AC     21
displ_0                                                                           0x019C1    489
displ_1                                                                           0x01BAA    165
displ_2                                                                           0x01C4F    254
display                                                                           0x01D4D     18
ext_int0_isr                                                                      0x01D5F     17
timer_comp_isr                                                                    0x01D70      7
main                                                                              0x01D77    286
put_buff_G100                                                                     0x01E95     58
_print_G100                                                                       0x01ECF    312
sprintf                                                                           0x02007     52
twi_int_handler                                                                   0x0203B    357
abs                                                                               0x021A0     10
strcat                                                                            0x021AA     17
strlen                                                                            0x021BB     12
strlenf                                                                           0x021C7     13
